/*
 * Copyright 2024 Google LLC
 *
 * Licensed under the Apache License, Version 2.0 (the "License");
 * you may not use this file except in compliance with the License.
 * You may obtain a copy of the License at
 *
 *      https://www.apache.org/licenses/LICENSE-2.0
 *
 * Unless required by applicable law or agreed to in writing, software
 * distributed under the License is distributed on an "AS IS" BASIS,
 * WITHOUT WARRANTIES OR CONDITIONS OF ANY KIND, either express or implied.
 * See the License for the specific language governing permissions and
 * limitations under the License.
 */

package com.google.showcase.v1beta1.samples;

// [START goldensample_generated_Echo_Collect_async]
import com.google.api.gax.rpc.ApiStreamObserver;
import com.google.showcase.v1beta1.EchoClient;
import com.google.showcase.v1beta1.EchoRequest;
import com.google.showcase.v1beta1.EchoResponse;
import com.google.showcase.v1beta1.Foobar;
import com.google.showcase.v1beta1.FoobarName;
import com.google.showcase.v1beta1.Severity;

public class AsyncCollect {

  public static void main(String[] args) throws Exception {
    asyncCollect();
  }

  public static void asyncCollect() throws Exception {
    // This snippet has been automatically generated and should be regarded as a code template only.
    // It will require modifications to work:
    // - It may require correct/in-range values for request initialization.
    // - It may require specifying regional endpoints when creating the service client as shown in
    // https://cloud.google.com/java/docs/setup#configure_endpoints_for_the_client_library
    try (EchoClient echoClient = EchoClient.create()) {
      ApiStreamObserver<EchoRequest> responseObserver =
          new ApiStreamObserver<EchoRequest>() {
            @Override
            public void onNext(EchoResponse response) {
              // Do something when a response is received.
            }

            @Override
            public void onError(Throwable t) {
              // Add error-handling
            }

            @Override
            public void onCompleted() {
              // Do something when complete.
            }
          };
      ApiStreamObserver<EchoRequest> requestObserver =
          echoClient.collect().clientStreamingCall(responseObserver);
      EchoRequest request =
          EchoRequest.newBuilder()
              .setName(FoobarName.ofProjectFoobarName("[PROJECT]", "[FOOBAR]").toString())
              .setParent(FoobarName.ofProjectFoobarName("[PROJECT]", "[FOOBAR]").toString())
              .setRequestId("requestId693933066")
              .setSecondRequestId("secondRequestId344404470")
              .setThirdRequestId(true)
              .setFourthRequestId("fourthRequestId-2116417776")
              .setFifthRequestId("fifthRequestId959024147")
              .setSixthRequestId("sixthRequestId1005218260")
              .setSeverity(Severity.forNumber(0))
              .setFoobar(Foobar.newBuilder().build())
              .build();
      requestObserver.onNext(request);
    }
  }
}
// [END goldensample_generated_Echo_Collect_async]
