package com.google.showcase.v1beta1.stub;

import com.google.api.core.BetaApi;
import com.google.api.gax.core.BackgroundResource;
import com.google.api.gax.httpjson.ApiMessage;
import com.google.api.gax.httpjson.HttpJsonCallSettings;
import com.google.api.gax.httpjson.HttpJsonCallableFactory;
import com.google.api.gax.httpjson.HttpJsonStubCallableFactory;
import com.google.api.gax.rpc.BatchingCallSettings;
import com.google.api.gax.rpc.ClientContext;
import com.google.api.gax.rpc.OperationCallSettings;
import com.google.api.gax.rpc.OperationCallable;
import com.google.api.gax.rpc.PagedCallSettings;
import com.google.api.gax.rpc.UnaryCallSettings;
import com.google.api.gax.rpc.UnaryCallable;
import javax.annotation.Generated;

// AUTO-GENERATED DOCUMENTATION AND CLASS.
/**
 * REST callable factory implementation for the Compliance service API.
 *
 * <p>This class is for advanced usage.
 */
@BetaApi
@Generated("by gapic-generator-java")
public class HttpJsonComplianceCallableFactory
    implements HttpJsonStubCallableFactory<ApiMessage, BackgroundResource> {

  @Override
  public <RequestT, ResponseT> UnaryCallable<RequestT, ResponseT> createUnaryCallable(
      HttpJsonCallSettings<RequestT, ResponseT> httpJsonCallSettings,
      UnaryCallSettings<RequestT, ResponseT> callSettings,
      ClientContext clientContext) {
    return HttpJsonCallableFactory.createUnaryCallable(
        httpJsonCallSettings, callSettings, clientContext);
  }

  @Override
  public <RequestT, ResponseT, PagedListResponseT>
      UnaryCallable<RequestT, PagedListResponseT> createPagedCallable(
          HttpJsonCallSettings<RequestT, ResponseT> httpJsonCallSettings,
          PagedCallSettings<RequestT, ResponseT, PagedListResponseT> callSettings,
          ClientContext clientContext) {
    return HttpJsonCallableFactory.createPagedCallable(
        httpJsonCallSettings, callSettings, clientContext);
  }

  @Override
  public <RequestT, ResponseT> UnaryCallable<RequestT, ResponseT> createBatchingCallable(
      HttpJsonCallSettings<RequestT, ResponseT> httpJsonCallSettings,
      BatchingCallSettings<RequestT, ResponseT> callSettings,
      ClientContext clientContext) {
    return HttpJsonCallableFactory.createBatchingCallable(
        httpJsonCallSettings, callSettings, clientContext);
  }

  @BetaApi(
      "The surface for long-running operations is not stable yet and may change in the future.")
  @Override
  public <RequestT, ResponseT, MetadataT>
      OperationCallable<RequestT, ResponseT, MetadataT> createOperationCallable(
          HttpJsonCallSettings<RequestT, ApiMessage> httpJsonCallSettings,
          OperationCallSettings<RequestT, ResponseT, MetadataT> callSettings,
          ClientContext clientContext,
          BackgroundResource operationsStub) {
    return null;
  }
}
