package com.google.showcase.v1beta1.samples;

import com.google.api.core.ApiFuture;
import com.google.protobuf.Empty;
import com.google.showcase.v1beta1.BlurbName;
import com.google.showcase.v1beta1.DeleteBlurbRequest;
import com.google.showcase.v1beta1.MessagingClient;

public class DeleteBlurbCallableFutureCallDeleteBlurbRequest {

  public static void main(String[] args) throws Exception {
    deleteBlurbCallableFutureCallDeleteBlurbRequest();
  }

  public static void deleteBlurbCallableFutureCallDeleteBlurbRequest() throws Exception {
    try (MessagingClient messagingClient = MessagingClient.create()) {
      DeleteBlurbRequest request =
          DeleteBlurbRequest.newBuilder()
              .setName(
                  BlurbName.ofUserLegacyUserBlurbName("[USER]", "[LEGACY_USER]", "[BLURB]")
                      .toString())
              .build();
      ApiFuture<Empty> future = messagingClient.deleteBlurbCallable().futureCall(request);
      // Do something.
      future.get();
    }
  }
}
