package com.google.showcase.v1beta1.samples;

import com.google.api.core.ApiFuture;
import com.google.showcase.v1beta1.Blurb;
import com.google.showcase.v1beta1.MessagingClient;
import com.google.showcase.v1beta1.UpdateBlurbRequest;

public class UpdateBlurbCallableFutureCallUpdateBlurbRequest {

  public static void main(String[] args) throws Exception {
    updateBlurbCallableFutureCallUpdateBlurbRequest();
  }

  public static void updateBlurbCallableFutureCallUpdateBlurbRequest() throws Exception {
    try (MessagingClient messagingClient = MessagingClient.create()) {
      UpdateBlurbRequest request =
          UpdateBlurbRequest.newBuilder().setBlurb(Blurb.newBuilder().build()).build();
      ApiFuture<Blurb> future = messagingClient.updateBlurbCallable().futureCall(request);
      // Do something.
      Blurb response = future.get();
    }
  }
}
