package com.google.showcase.v1beta1.spring;

import com.google.cloud.spring.core.Credentials;
import com.google.cloud.spring.core.CredentialsSupplier;
import com.google.cloud.spring.core.Retry;
import org.springframework.boot.context.properties.ConfigurationProperties;
import org.springframework.boot.context.properties.NestedConfigurationProperty;

// AUTO-GENERATED DOCUMENTATION AND CLASS.
/** Provides default property values for Echo client bean */
@ConfigurationProperties("com.google.showcase.v1beta1.spring.auto.echo")
public class EchoSpringProperties implements CredentialsSupplier {
  @NestedConfigurationProperty
  private final Credentials credentials =
      new Credentials("https://www.googleapis.com/auth/cloud-platform");

  private String quotaProjectId;
  private Integer executorThreadCount;
  @NestedConfigurationProperty private Retry retry;
  @NestedConfigurationProperty private Retry echoRetry;
  @NestedConfigurationProperty private Retry expandRetry;
  @NestedConfigurationProperty private Retry collectRetry;
  @NestedConfigurationProperty private Retry chatRetry;
  @NestedConfigurationProperty private Retry chatAgainRetry;
  @NestedConfigurationProperty private Retry pagedExpandRetry;
  @NestedConfigurationProperty private Retry simplePagedExpandRetry;
  @NestedConfigurationProperty private Retry waitRetry;
  @NestedConfigurationProperty private Retry blockRetry;
  @NestedConfigurationProperty private Retry collideNameRetry;

  @Override
  public Credentials getCredentials() {
    return this.credentials;
  }

  public String getQuotaProjectId() {
    return this.quotaProjectId;
  }

  public void setQuotaProjectId(String quotaProjectId) {
    this.quotaProjectId = quotaProjectId;
  }

  public Integer getExecutorThreadCount() {
    return this.executorThreadCount;
  }

  public void setExecutorThreadCount(Integer executorThreadCount) {
    this.executorThreadCount = executorThreadCount;
  }

  public Retry getRetry() {
    return this.retry;
  }

  public void setRetry(Retry retry) {
    this.retry = retry;
  }

  public Retry getEchoRetry() {
    return this.echoRetry;
  }

  public void setEchoRetry(Retry echoRetry) {
    this.echoRetry = echoRetry;
  }

  public Retry getExpandRetry() {
    return this.expandRetry;
  }

  public void setExpandRetry(Retry expandRetry) {
    this.expandRetry = expandRetry;
  }

  public Retry getCollectRetry() {
    return this.collectRetry;
  }

  public void setCollectRetry(Retry collectRetry) {
    this.collectRetry = collectRetry;
  }

  public Retry getChatRetry() {
    return this.chatRetry;
  }

  public void setChatRetry(Retry chatRetry) {
    this.chatRetry = chatRetry;
  }

  public Retry getChatAgainRetry() {
    return this.chatAgainRetry;
  }

  public void setChatAgainRetry(Retry chatAgainRetry) {
    this.chatAgainRetry = chatAgainRetry;
  }

  public Retry getPagedExpandRetry() {
    return this.pagedExpandRetry;
  }

  public void setPagedExpandRetry(Retry pagedExpandRetry) {
    this.pagedExpandRetry = pagedExpandRetry;
  }

  public Retry getSimplePagedExpandRetry() {
    return this.simplePagedExpandRetry;
  }

  public void setSimplePagedExpandRetry(Retry simplePagedExpandRetry) {
    this.simplePagedExpandRetry = simplePagedExpandRetry;
  }

  public Retry getWaitRetry() {
    return this.waitRetry;
  }

  public void setWaitRetry(Retry waitRetry) {
    this.waitRetry = waitRetry;
  }

  public Retry getBlockRetry() {
    return this.blockRetry;
  }

  public void setBlockRetry(Retry blockRetry) {
    this.blockRetry = blockRetry;
  }

  public Retry getCollideNameRetry() {
    return this.collideNameRetry;
  }

  public void setCollideNameRetry(Retry collideNameRetry) {
    this.collideNameRetry = collideNameRetry;
  }
}
