{
  "schema": "1.0",
  "comment": "This file maps proto services/RPCs to the corresponding library clients/methods",
  "language": "java",
  "protoPackage": "google.cloud.redis.v1beta1",
  "libraryPackage": "com.google.cloud.redis.v1beta1",
  "services": {
    "CloudRedis": {
      "clients": {
        "grpc": {
          "libraryClient": "CloudRedisClient",
          "rpcs": {
            "CreateInstance": {
              "methods": ["createInstanceAsync", "createInstanceAsync", "createInstanceAsync", "createInstanceOperationCallable", "createInstanceCallable"]
            },
            "DeleteInstance": {
              "methods": ["deleteInstanceAsync", "deleteInstanceAsync", "deleteInstanceAsync", "deleteInstanceOperationCallable", "deleteInstanceCallable"]
            },
            "ExportInstance": {
              "methods": ["exportInstanceAsync", "exportInstanceAsync", "exportInstanceOperationCallable", "exportInstanceCallable"]
            },
            "FailoverInstance": {
              "methods": ["failoverInstanceAsync", "failoverInstanceAsync", "failoverInstanceAsync", "failoverInstanceOperationCallable", "failoverInstanceCallable"]
            },
            "GetInstance": {
              "methods": ["getInstance", "getInstance", "getInstance", "getInstanceCallable"]
            },
            "ImportInstance": {
              "methods": ["importInstanceAsync", "importInstanceAsync", "importInstanceOperationCallable", "importInstanceCallable"]
            },
            "ListInstances": {
              "methods": ["listInstances", "listInstances", "listInstances", "listInstancesPagedCallable", "listInstancesCallable"]
            },
            "UpdateInstance": {
              "methods": ["updateInstanceAsync", "updateInstanceAsync", "updateInstanceOperationCallable", "updateInstanceCallable"]
            },
            "UpgradeInstance": {
              "methods": ["upgradeInstanceAsync", "upgradeInstanceAsync", "upgradeInstanceAsync", "upgradeInstanceOperationCallable", "upgradeInstanceCallable"]
            }
          }
        }
      }
    }
  }
}