{
  "schema": "1.0",
  "comment": "This file maps proto services/RPCs to the corresponding library clients/methods",
  "language": "java",
  "protoPackage": "google.cloud.gkeconnect.gateway.v1beta1",
  "libraryPackage": "com.google.cloud.gkeconnect.gateway.v1beta1",
  "services": {
    "GatewayService": {
      "clients": {
        "grpc": {
          "libraryClient": "GatewayServiceClient",
          "rpcs": {
            "DeleteResource": {
              "methods": ["deleteResource", "deleteResourceCallable"]
            },
            "GetResource": {
              "methods": ["getResource", "getResourceCallable"]
            },
            "PatchResource": {
              "methods": ["patchResource", "patchResourceCallable"]
            },
            "PostResource": {
              "methods": ["postResource", "postResourceCallable"]
            },
            "PutResource": {
              "methods": ["putResource", "putResourceCallable"]
            }
          }
        }
      }
    }
  }
}