package com.google.testdata.v1.stub;

import com.google.api.core.ApiFunction;
import com.google.api.core.BetaApi;
import com.google.api.gax.core.GaxProperties;
import com.google.api.gax.core.GoogleCredentialsProvider;
import com.google.api.gax.core.InstantiatingExecutorProvider;
import com.google.api.gax.grpc.GaxGrpcProperties;
import com.google.api.gax.grpc.GrpcTransportChannel;
import com.google.api.gax.grpc.InstantiatingGrpcChannelProvider;
import com.google.api.gax.retrying.RetrySettings;
import com.google.api.gax.rpc.ApiClientHeaderProvider;
import com.google.api.gax.rpc.ClientContext;
import com.google.api.gax.rpc.StatusCode;
import com.google.api.gax.rpc.StubSettings;
import com.google.api.gax.rpc.TransportChannelProvider;
import com.google.api.gax.rpc.UnaryCallSettings;
import com.google.common.collect.ImmutableList;
import com.google.common.collect.ImmutableMap;
import com.google.common.collect.ImmutableSet;
import com.google.common.collect.Lists;
import com.google.protobuf.Empty;
import com.google.testdata.v1.FibonacciRequest;
import java.io.IOException;
import java.util.List;
import javax.annotation.Generated;
import org.threeten.bp.Duration;

// AUTO-GENERATED DOCUMENTATION AND CLASS.
/**
 * Settings class to configure an instance of {@link DeprecatedServiceStub}.
 *
 * <p>The default instance has everything set to sensible defaults:
 *
 * <ul>
 *   <li>The default service address (localhost) and default port (7469) are used.
 *   <li>Credentials are acquired automatically through Application Default Credentials.
 *   <li>Retries are configured for idempotent methods but not for non-idempotent methods.
 * </ul>
 *
 * <p>The builder of this class is recursive, so contained classes are themselves builders. When
 * build() is called, the tree of builders is called to create the complete settings object.
 *
 * <p>For example, to set the total timeout of fastFibonacci to 30 seconds:
 *
 * <pre>{@code
 * DeprecatedServiceStubSettings.Builder deprecatedServiceSettingsBuilder =
 *     DeprecatedServiceStubSettings.newBuilder();
 * deprecatedServiceSettingsBuilder
 *     .fastFibonacciSettings()
 *     .setRetrySettings(
 *         deprecatedServiceSettingsBuilder
 *             .fastFibonacciSettings()
 *             .getRetrySettings()
 *             .toBuilder()
 *             .setTotalTimeout(Duration.ofSeconds(30))
 *             .build());
 * DeprecatedServiceStubSettings deprecatedServiceSettings =
 *     deprecatedServiceSettingsBuilder.build();
 * }</pre>
 *
 * @deprecated This class is deprecated and will be removed in the next major version update.
 */
@Deprecated
@Generated("by gapic-generator-java")
public class DeprecatedServiceStubSettings extends StubSettings<DeprecatedServiceStubSettings> {
  /** The default scopes of the service. */
  private static final ImmutableList<String> DEFAULT_SERVICE_SCOPES =
      ImmutableList.<String>builder().add("https://www.googleapis.com/auth/cloud-platform").build();

  private final UnaryCallSettings<FibonacciRequest, Empty> fastFibonacciSettings;
  private final UnaryCallSettings<FibonacciRequest, Empty> slowFibonacciSettings;

  /** Returns the object with the settings used for calls to fastFibonacci. */
  public UnaryCallSettings<FibonacciRequest, Empty> fastFibonacciSettings() {
    return fastFibonacciSettings;
  }

  /**
   * Returns the object with the settings used for calls to slowFibonacci.
   *
   * @deprecated This method is deprecated and will be removed in the next major version update.
   */
  @Deprecated
  public UnaryCallSettings<FibonacciRequest, Empty> slowFibonacciSettings() {
    return slowFibonacciSettings;
  }

  @BetaApi("A restructuring of stub classes is planned, so this may break in the future")
  public DeprecatedServiceStub createStub() throws IOException {
    if (getTransportChannelProvider()
        .getTransportName()
        .equals(GrpcTransportChannel.getGrpcTransportName())) {
      return GrpcDeprecatedServiceStub.create(this);
    }
    throw new UnsupportedOperationException(
        String.format(
            "Transport not supported: %s", getTransportChannelProvider().getTransportName()));
  }

  /** Returns a builder for the default ExecutorProvider for this service. */
  public static InstantiatingExecutorProvider.Builder defaultExecutorProviderBuilder() {
    return InstantiatingExecutorProvider.newBuilder();
  }

  /** Returns the default service endpoint. */
  public static String getDefaultEndpoint() {
    return "localhost:7469";
  }

  /** Returns the default mTLS service endpoint. */
  public static String getDefaultMtlsEndpoint() {
    return "localhost:7469";
  }

  /** Returns the default service scopes. */
  public static List<String> getDefaultServiceScopes() {
    return DEFAULT_SERVICE_SCOPES;
  }

  /** Returns a builder for the default credentials for this service. */
  public static GoogleCredentialsProvider.Builder defaultCredentialsProviderBuilder() {
    return GoogleCredentialsProvider.newBuilder().setScopesToApply(DEFAULT_SERVICE_SCOPES);
  }

  /** Returns a builder for the default ChannelProvider for this service. */
  public static InstantiatingGrpcChannelProvider.Builder defaultGrpcTransportProviderBuilder() {
    return InstantiatingGrpcChannelProvider.newBuilder()
        .setMaxInboundMessageSize(Integer.MAX_VALUE);
  }

  public static TransportChannelProvider defaultTransportChannelProvider() {
    return defaultGrpcTransportProviderBuilder().build();
  }

  @BetaApi("The surface for customizing headers is not stable yet and may change in the future.")
  public static ApiClientHeaderProvider.Builder defaultApiClientHeaderProviderBuilder() {
    return ApiClientHeaderProvider.newBuilder()
        .setGeneratedLibToken(
            "gapic", GaxProperties.getLibraryVersion(DeprecatedServiceStubSettings.class))
        .setTransportToken(
            GaxGrpcProperties.getGrpcTokenName(), GaxGrpcProperties.getGrpcVersion());
  }

  /** Returns a new builder for this class. */
  public static Builder newBuilder() {
    return Builder.createDefault();
  }

  /** Returns a new builder for this class. */
  public static Builder newBuilder(ClientContext clientContext) {
    return new Builder(clientContext);
  }

  /** Returns a builder containing all the values of this settings class. */
  public Builder toBuilder() {
    return new Builder(this);
  }

  protected DeprecatedServiceStubSettings(Builder settingsBuilder) throws IOException {
    super(settingsBuilder);

    fastFibonacciSettings = settingsBuilder.fastFibonacciSettings().build();
    slowFibonacciSettings = settingsBuilder.slowFibonacciSettings().build();
  }

  /** Builder for DeprecatedServiceStubSettings. */
  public static class Builder extends StubSettings.Builder<DeprecatedServiceStubSettings, Builder> {
    private final ImmutableList<UnaryCallSettings.Builder<?, ?>> unaryMethodSettingsBuilders;
    private final UnaryCallSettings.Builder<FibonacciRequest, Empty> fastFibonacciSettings;
    private final UnaryCallSettings.Builder<FibonacciRequest, Empty> slowFibonacciSettings;
    private static final ImmutableMap<String, ImmutableSet<StatusCode.Code>>
        RETRYABLE_CODE_DEFINITIONS;

    static {
      ImmutableMap.Builder<String, ImmutableSet<StatusCode.Code>> definitions =
          ImmutableMap.builder();
      definitions.put(
          "no_retry_0_codes", ImmutableSet.copyOf(Lists.<StatusCode.Code>newArrayList()));
      RETRYABLE_CODE_DEFINITIONS = definitions.build();
    }

    private static final ImmutableMap<String, RetrySettings> RETRY_PARAM_DEFINITIONS;

    static {
      ImmutableMap.Builder<String, RetrySettings> definitions = ImmutableMap.builder();
      RetrySettings settings = null;
      settings =
          RetrySettings.newBuilder()
              .setInitialRpcTimeout(Duration.ofMillis(60000L))
              .setRpcTimeoutMultiplier(1.0)
              .setMaxRpcTimeout(Duration.ofMillis(60000L))
              .setTotalTimeout(Duration.ofMillis(60000L))
              .build();
      definitions.put("no_retry_0_params", settings);
      RETRY_PARAM_DEFINITIONS = definitions.build();
    }

    protected Builder() {
      this(((ClientContext) null));
    }

    protected Builder(ClientContext clientContext) {
      super(clientContext);

      fastFibonacciSettings = UnaryCallSettings.newUnaryCallSettingsBuilder();
      slowFibonacciSettings = UnaryCallSettings.newUnaryCallSettingsBuilder();

      unaryMethodSettingsBuilders =
          ImmutableList.<UnaryCallSettings.Builder<?, ?>>of(
              fastFibonacciSettings, slowFibonacciSettings);
      initDefaults(this);
    }

    protected Builder(DeprecatedServiceStubSettings settings) {
      super(settings);

      fastFibonacciSettings = settings.fastFibonacciSettings.toBuilder();
      slowFibonacciSettings = settings.slowFibonacciSettings.toBuilder();

      unaryMethodSettingsBuilders =
          ImmutableList.<UnaryCallSettings.Builder<?, ?>>of(
              fastFibonacciSettings, slowFibonacciSettings);
    }

    private static Builder createDefault() {
      Builder builder = new Builder(((ClientContext) null));

      builder.setTransportChannelProvider(defaultTransportChannelProvider());
      builder.setCredentialsProvider(defaultCredentialsProviderBuilder().build());
      builder.setInternalHeaderProvider(defaultApiClientHeaderProviderBuilder().build());
      builder.setEndpoint(getDefaultEndpoint());
      builder.setMtlsEndpoint(getDefaultMtlsEndpoint());
      builder.setSwitchToMtlsEndpointAllowed(true);

      return initDefaults(builder);
    }

    private static Builder initDefaults(Builder builder) {
      builder
          .fastFibonacciSettings()
          .setRetryableCodes(RETRYABLE_CODE_DEFINITIONS.get("no_retry_0_codes"))
          .setRetrySettings(RETRY_PARAM_DEFINITIONS.get("no_retry_0_params"));

      builder
          .slowFibonacciSettings()
          .setRetryableCodes(RETRYABLE_CODE_DEFINITIONS.get("no_retry_0_codes"))
          .setRetrySettings(RETRY_PARAM_DEFINITIONS.get("no_retry_0_params"));

      return builder;
    }

    /**
     * Applies the given settings updater function to all of the unary API methods in this service.
     *
     * <p>Note: This method does not support applying settings to streaming methods.
     */
    public Builder applyToAllUnaryMethods(
        ApiFunction<UnaryCallSettings.Builder<?, ?>, Void> settingsUpdater) {
      super.applyToAllUnaryMethods(unaryMethodSettingsBuilders, settingsUpdater);
      return this;
    }

    public ImmutableList<UnaryCallSettings.Builder<?, ?>> unaryMethodSettingsBuilders() {
      return unaryMethodSettingsBuilders;
    }

    /** Returns the builder for the settings used for calls to fastFibonacci. */
    public UnaryCallSettings.Builder<FibonacciRequest, Empty> fastFibonacciSettings() {
      return fastFibonacciSettings;
    }

    /**
     * Returns the builder for the settings used for calls to slowFibonacci.
     *
     * @deprecated This method is deprecated and will be removed in the next major version update.
     */
    @Deprecated
    public UnaryCallSettings.Builder<FibonacciRequest, Empty> slowFibonacciSettings() {
      return slowFibonacciSettings;
    }

    @Override
    public DeprecatedServiceStubSettings build() throws IOException {
      return new DeprecatedServiceStubSettings(this);
    }
  }
}
