package com.google.showcase.v1beta1;

import static com.google.showcase.v1beta1.EchoClient.PagedExpandPagedResponse;
import static com.google.showcase.v1beta1.EchoClient.SimplePagedExpandPagedResponse;

import com.google.api.core.ApiFunction;
import com.google.api.core.BetaApi;
import com.google.api.gax.core.GoogleCredentialsProvider;
import com.google.api.gax.core.InstantiatingExecutorProvider;
import com.google.api.gax.grpc.InstantiatingGrpcChannelProvider;
import com.google.api.gax.rpc.ApiClientHeaderProvider;
import com.google.api.gax.rpc.ClientContext;
import com.google.api.gax.rpc.ClientSettings;
import com.google.api.gax.rpc.OperationCallSettings;
import com.google.api.gax.rpc.PagedCallSettings;
import com.google.api.gax.rpc.ServerStreamingCallSettings;
import com.google.api.gax.rpc.StreamingCallSettings;
import com.google.api.gax.rpc.StubSettings;
import com.google.api.gax.rpc.TransportChannelProvider;
import com.google.api.gax.rpc.UnaryCallSettings;
import com.google.longrunning.Operation;
import com.google.showcase.v1beta1.stub.EchoStubSettings;
import java.io.IOException;
import java.util.List;
import javax.annotation.Generated;

// AUTO-GENERATED DOCUMENTATION AND CLASS.
/**
 * Settings class to configure an instance of {@link EchoClient}.
 *
 * <p>The default instance has everything set to sensible defaults:
 *
 * <ul>
 *   <li>The default service address (localhost) and default port (7469) are used.
 *   <li>Credentials are acquired automatically through Application Default Credentials.
 *   <li>Retries are configured for idempotent methods but not for non-idempotent methods.
 * </ul>
 *
 * <p>The builder of this class is recursive, so contained classes are themselves builders. When
 * build() is called, the tree of builders is called to create the complete settings object.
 *
 * <p>For example, to set the total timeout of echo to 30 seconds:
 *
 * <pre>{@code
 * EchoSettings.Builder echoSettingsBuilder = EchoSettings.newBuilder();
 * echoSettingsBuilder
 *     .echoSettings()
 *     .setRetrySettings(
 *         echoSettingsBuilder
 *             .echoSettings()
 *             .getRetrySettings()
 *             .toBuilder()
 *             .setTotalTimeout(Duration.ofSeconds(30))
 *             .build());
 * EchoSettings echoSettings = echoSettingsBuilder.build();
 * }</pre>
 */
@BetaApi
@Generated("by gapic-generator-java")
public class EchoSettings extends ClientSettings<EchoSettings> {

  /** Returns the object with the settings used for calls to echo. */
  public UnaryCallSettings<EchoRequest, EchoResponse> echoSettings() {
    return ((EchoStubSettings) getStubSettings()).echoSettings();
  }

  /** Returns the object with the settings used for calls to expand. */
  public ServerStreamingCallSettings<ExpandRequest, EchoResponse> expandSettings() {
    return ((EchoStubSettings) getStubSettings()).expandSettings();
  }

  /** Returns the object with the settings used for calls to collect. */
  public StreamingCallSettings<EchoRequest, EchoResponse> collectSettings() {
    return ((EchoStubSettings) getStubSettings()).collectSettings();
  }

  /** Returns the object with the settings used for calls to chat. */
  public StreamingCallSettings<EchoRequest, EchoResponse> chatSettings() {
    return ((EchoStubSettings) getStubSettings()).chatSettings();
  }

  /** Returns the object with the settings used for calls to chatAgain. */
  public StreamingCallSettings<EchoRequest, EchoResponse> chatAgainSettings() {
    return ((EchoStubSettings) getStubSettings()).chatAgainSettings();
  }

  /** Returns the object with the settings used for calls to pagedExpand. */
  public PagedCallSettings<PagedExpandRequest, PagedExpandResponse, PagedExpandPagedResponse>
      pagedExpandSettings() {
    return ((EchoStubSettings) getStubSettings()).pagedExpandSettings();
  }

  /** Returns the object with the settings used for calls to simplePagedExpand. */
  public PagedCallSettings<PagedExpandRequest, PagedExpandResponse, SimplePagedExpandPagedResponse>
      simplePagedExpandSettings() {
    return ((EchoStubSettings) getStubSettings()).simplePagedExpandSettings();
  }

  /** Returns the object with the settings used for calls to wait. */
  public UnaryCallSettings<WaitRequest, Operation> waitSettings() {
    return ((EchoStubSettings) getStubSettings()).waitSettings();
  }

  /** Returns the object with the settings used for calls to wait. */
  public OperationCallSettings<WaitRequest, WaitResponse, WaitMetadata> waitOperationSettings() {
    return ((EchoStubSettings) getStubSettings()).waitOperationSettings();
  }

  /** Returns the object with the settings used for calls to block. */
  public UnaryCallSettings<BlockRequest, BlockResponse> blockSettings() {
    return ((EchoStubSettings) getStubSettings()).blockSettings();
  }

  /** Returns the object with the settings used for calls to collideName. */
  public UnaryCallSettings<EchoRequest, Object> collideNameSettings() {
    return ((EchoStubSettings) getStubSettings()).collideNameSettings();
  }

  public static final EchoSettings create(EchoStubSettings stub) throws IOException {
    return new EchoSettings.Builder(stub.toBuilder()).build();
  }

  /** Returns a builder for the default ExecutorProvider for this service. */
  public static InstantiatingExecutorProvider.Builder defaultExecutorProviderBuilder() {
    return EchoStubSettings.defaultExecutorProviderBuilder();
  }

  /** Returns the default service endpoint. */
  public static String getDefaultEndpoint() {
    return EchoStubSettings.getDefaultEndpoint();
  }

  /** Returns the default service scopes. */
  public static List<String> getDefaultServiceScopes() {
    return EchoStubSettings.getDefaultServiceScopes();
  }

  /** Returns a builder for the default credentials for this service. */
  public static GoogleCredentialsProvider.Builder defaultCredentialsProviderBuilder() {
    return EchoStubSettings.defaultCredentialsProviderBuilder();
  }

  /** Returns a builder for the default ChannelProvider for this service. */
  public static InstantiatingGrpcChannelProvider.Builder defaultGrpcTransportProviderBuilder() {
    return EchoStubSettings.defaultGrpcTransportProviderBuilder();
  }

  public static TransportChannelProvider defaultTransportChannelProvider() {
    return EchoStubSettings.defaultTransportChannelProvider();
  }

  @BetaApi("The surface for customizing headers is not stable yet and may change in the future.")
  public static ApiClientHeaderProvider.Builder defaultApiClientHeaderProviderBuilder() {
    return EchoStubSettings.defaultApiClientHeaderProviderBuilder();
  }

  /** Returns a new builder for this class. */
  public static Builder newBuilder() {
    return Builder.createDefault();
  }

  /** Returns a new builder for this class. */
  public static Builder newBuilder(ClientContext clientContext) {
    return new Builder(clientContext);
  }

  /** Returns a builder containing all the values of this settings class. */
  public Builder toBuilder() {
    return new Builder(this);
  }

  protected EchoSettings(Builder settingsBuilder) throws IOException {
    super(settingsBuilder);
  }

  /** Builder for EchoSettings. */
  public static class Builder extends ClientSettings.Builder<EchoSettings, Builder> {

    protected Builder() throws IOException {
      this(((ClientContext) null));
    }

    protected Builder(ClientContext clientContext) {
      super(EchoStubSettings.newBuilder(clientContext));
    }

    protected Builder(EchoSettings settings) {
      super(settings.getStubSettings().toBuilder());
    }

    protected Builder(EchoStubSettings.Builder stubSettings) {
      super(stubSettings);
    }

    private static Builder createDefault() {
      return new Builder(EchoStubSettings.newBuilder());
    }

    public EchoStubSettings.Builder getStubSettingsBuilder() {
      return ((EchoStubSettings.Builder) getStubSettings());
    }

    /**
     * Applies the given settings updater function to all of the unary API methods in this service.
     *
     * <p>Note: This method does not support applying settings to streaming methods.
     */
    public Builder applyToAllUnaryMethods(
        ApiFunction<UnaryCallSettings.Builder<?, ?>, Void> settingsUpdater) {
      super.applyToAllUnaryMethods(
          getStubSettingsBuilder().unaryMethodSettingsBuilders(), settingsUpdater);
      return this;
    }

    /** Returns the builder for the settings used for calls to echo. */
    public UnaryCallSettings.Builder<EchoRequest, EchoResponse> echoSettings() {
      return getStubSettingsBuilder().echoSettings();
    }

    /** Returns the builder for the settings used for calls to expand. */
    public ServerStreamingCallSettings.Builder<ExpandRequest, EchoResponse> expandSettings() {
      return getStubSettingsBuilder().expandSettings();
    }

    /** Returns the builder for the settings used for calls to collect. */
    public StreamingCallSettings.Builder<EchoRequest, EchoResponse> collectSettings() {
      return getStubSettingsBuilder().collectSettings();
    }

    /** Returns the builder for the settings used for calls to chat. */
    public StreamingCallSettings.Builder<EchoRequest, EchoResponse> chatSettings() {
      return getStubSettingsBuilder().chatSettings();
    }

    /** Returns the builder for the settings used for calls to chatAgain. */
    public StreamingCallSettings.Builder<EchoRequest, EchoResponse> chatAgainSettings() {
      return getStubSettingsBuilder().chatAgainSettings();
    }

    /** Returns the builder for the settings used for calls to pagedExpand. */
    public PagedCallSettings.Builder<
            PagedExpandRequest, PagedExpandResponse, PagedExpandPagedResponse>
        pagedExpandSettings() {
      return getStubSettingsBuilder().pagedExpandSettings();
    }

    /** Returns the builder for the settings used for calls to simplePagedExpand. */
    public PagedCallSettings.Builder<
            PagedExpandRequest, PagedExpandResponse, SimplePagedExpandPagedResponse>
        simplePagedExpandSettings() {
      return getStubSettingsBuilder().simplePagedExpandSettings();
    }

    /** Returns the builder for the settings used for calls to wait. */
    public UnaryCallSettings.Builder<WaitRequest, Operation> waitSettings() {
      return getStubSettingsBuilder().waitSettings();
    }

    /** Returns the builder for the settings used for calls to wait. */
    public OperationCallSettings.Builder<WaitRequest, WaitResponse, WaitMetadata>
        waitOperationSettings() {
      return getStubSettingsBuilder().waitOperationSettings();
    }

    /** Returns the builder for the settings used for calls to block. */
    public UnaryCallSettings.Builder<BlockRequest, BlockResponse> blockSettings() {
      return getStubSettingsBuilder().blockSettings();
    }

    /** Returns the builder for the settings used for calls to collideName. */
    public UnaryCallSettings.Builder<EchoRequest, Object> collideNameSettings() {
      return getStubSettingsBuilder().collideNameSettings();
    }

    @Override
    public EchoSettings build() throws IOException {
      return new EchoSettings(this);
    }
  }
}
