/*
 * Copyright 2021 Google LLC
 *
 * Licensed under the Apache License, Version 2.0 (the "License");
 * you may not use this file except in compliance with the License.
 * You may obtain a copy of the License at
 *
 *      https://www.apache.org/licenses/LICENSE-2.0
 *
 * Unless required by applicable law or agreed to in writing, software
 * distributed under the License is distributed on an "AS IS" BASIS,
 * WITHOUT WARRANTIES OR CONDITIONS OF ANY KIND, either express or implied.
 * See the License for the specific language governing permissions and
 * limitations under the License.
 */

package com.google.bookshop.v1beta1.samples;

// [START goldensample_generated_bookshopclient_getbook_stringlistbook]
import com.google.bookshop.v1beta1.Book;
import com.google.bookshop.v1beta1.BookshopClient;
import java.util.ArrayList;
import java.util.List;

public class GetBookStringListBook {

  public static void main(String[] args) throws Exception {
    getBookStringListBook();
  }

  public static void getBookStringListBook() throws Exception {
    // This snippet has been automatically generated for illustrative purposes only.
    // It may require modifications to work in your environment.
    try (BookshopClient bookshopClient = BookshopClient.create()) {
      String booksList = "booksList2-1119589686";
      List<Book> books = new ArrayList<>();
      Book response = bookshopClient.getBook(booksList, books);
    }
  }
}
// [END goldensample_generated_bookshopclient_getbook_stringlistbook]
