/*
 * Copyright 2024 Google LLC
 *
 * Licensed under the Apache License, Version 2.0 (the "License");
 * you may not use this file except in compliance with the License.
 * You may obtain a copy of the License at
 *
 *      https://www.apache.org/licenses/LICENSE-2.0
 *
 * Unless required by applicable law or agreed to in writing, software
 * distributed under the License is distributed on an "AS IS" BASIS,
 * WITHOUT WARRANTIES OR CONDITIONS OF ANY KIND, either express or implied.
 * See the License for the specific language governing permissions and
 * limitations under the License.
 */

package com.google.api.version.test.samples;

// [START goldensample_generated_EchoWithVersion_EchoWithVersionMethod_String1_sync]
import com.google.api.version.test.EchoResponse;
import com.google.api.version.test.EchoWithVersionClient;
import com.google.api.version.test.FoobarName;

public class SyncEchoWithVersionMethodString1 {

  public static void main(String[] args) throws Exception {
    syncEchoWithVersionMethodString1();
  }

  public static void syncEchoWithVersionMethodString1() throws Exception {
    // This snippet has been automatically generated and should be regarded as a code template only.
    // It will require modifications to work:
    // - It may require correct/in-range values for request initialization.
    // - It may require specifying regional endpoints when creating the service client as shown in
    // https://cloud.google.com/java/docs/setup#configure_endpoints_for_the_client_library
    try (EchoWithVersionClient echoWithVersionClient = EchoWithVersionClient.create()) {
      String name = FoobarName.ofProjectFoobarName("[PROJECT]", "[FOOBAR]").toString();
      EchoResponse response = echoWithVersionClient.echoWithVersionMethod(name);
    }
  }
}
// [END goldensample_generated_EchoWithVersion_EchoWithVersionMethod_String1_sync]
