This pull request is generated with proto changes between [googleapis/googleapis@3b6f144](https://github.com/googleapis/googleapis/commit/3b6f144d47b0a1d2115ab2445ec06e80cc324a44) (exclusive) and [googleapis/googleapis@0cea717](https://github.com/googleapis/googleapis/commit/0cea7170404bec3d994f43db4fa292f5034cbe9a) (inclusive).

BEGIN_COMMIT_OVERRIDE
BEGIN_NESTED_COMMIT
fix(deps): update the Java code generator (gapic-generator-java) to 1.2.3
END_NESTED_COMMIT
BEGIN_NESTED_COMMIT
chore: update the libraries_bom version to 2.3.4
END_NESTED_COMMIT
BEGIN_NESTED_COMMIT
feat: Make Layout Parser generally available in V1

PiperOrigin-RevId: 638924855

Source Link: [googleapis/googleapis@0cea717](https://github.com/googleapis/googleapis/commit/0cea7170404bec3d994f43db4fa292f5034cbe9a)
END_NESTED_COMMIT
END_COMMIT_OVERRIDE